scons: Reading SConscript files ...
Building for architecture universal on platform macos
scons: done reading SConscript files.
scons: Building targets ...
Compiling godot-cpp/src/godot.cpp ...
Compiling godot-cpp/src/classes/editor_plugin_registration.cpp ...
Compiling godot-cpp/src/classes/low_level.cpp ...
Compiling godot-cpp/src/classes/wrapped.cpp ...
Compiling godot-cpp/src/core/class_db.cpp ...
Compiling godot-cpp/src/core/error_macros.cpp ...
Compiling godot-cpp/src/core/memory.cpp ...
Compiling godot-cpp/src/core/method_bind.cpp ...
Compiling godot-cpp/src/core/object.cpp ...
Compiling godot-cpp/src/core/print_string.cpp ...
Compiling godot-cpp/src/templates/hashfuncs.cpp ...
Compiling godot-cpp/src/variant/aabb.cpp ...
Compiling godot-cpp/src/variant/basis.cpp ...
Compiling godot-cpp/src/variant/callable_custom.cpp ...
Compiling godot-cpp/src/variant/callable_method_pointer.cpp ...
Compiling godot-cpp/src/variant/char_string.cpp ...
Compiling godot-cpp/src/variant/color.cpp ...
Compiling godot-cpp/src/variant/packed_arrays.cpp ...
Compiling godot-cpp/src/variant/plane.cpp ...
Compiling godot-cpp/src/variant/projection.cpp ...
Compiling godot-cpp/src/variant/quaternion.cpp ...
Compiling godot-cpp/src/variant/rect2.cpp ...
Compiling godot-cpp/src/variant/rect2i.cpp ...
Compiling godot-cpp/src/variant/transform2d.cpp ...
Compiling godot-cpp/src/variant/transform3d.cpp ...
Compiling godot-cpp/src/variant/variant.cpp ...
Compiling godot-cpp/src/variant/variant_internal.cpp ...
Compiling godot-cpp/src/variant/vector2.cpp ...
Compiling godot-cpp/src/variant/vector2i.cpp ...
Compiling godot-cpp/src/variant/vector3.cpp ...
Compiling godot-cpp/src/variant/vector3i.cpp ...
Compiling godot-cpp/src/variant/vector4.cpp ...
Compiling godot-cpp/src/variant/vector4i.cpp ...
Compiling godot-cpp/gen/src/gdextension_interface_loader.cpp ...
Compiling godot-cpp/gen/src/variant/string.cpp ...
Compiling godot-cpp/gen/src/variant/string_name.cpp ...
Compiling godot-cpp/gen/src/variant/node_path.cpp ...
Compiling godot-cpp/gen/src/variant/rid.cpp ...
Compiling godot-cpp/gen/src/variant/callable.cpp ...
Compiling godot-cpp/gen/src/variant/signal.cpp ...
Compiling godot-cpp/gen/src/variant/dictionary.cpp ...
Compiling godot-cpp/gen/src/variant/array.cpp ...
Compiling godot-cpp/gen/src/variant/packed_byte_array.cpp ...
Compiling godot-cpp/gen/src/variant/packed_int32_array.cpp ...
Compiling godot-cpp/gen/src/variant/packed_int64_array.cpp ...
Compiling godot-cpp/gen/src/variant/packed_float32_array.cpp ...
Compiling godot-cpp/gen/src/variant/packed_float64_array.cpp ...
Compiling godot-cpp/gen/src/variant/packed_string_array.cpp ...
Compiling godot-cpp/gen/src/variant/packed_vector2_array.cpp ...
Compiling godot-cpp/gen/src/variant/packed_vector3_array.cpp ...
Compiling godot-cpp/gen/src/variant/packed_color_array.cpp ...
Compiling godot-cpp/gen/src/variant/packed_vector4_array.cpp ...
Compiling godot-cpp/gen/src/classes/aes_context.cpp ...
Compiling godot-cpp/gen/src/classes/a_star2d.cpp ...
Compiling godot-cpp/gen/src/classes/a_star3d.cpp ...
Compiling godot-cpp/gen/src/classes/a_star_grid2d.cpp ...
Compiling godot-cpp/gen/src/classes/accept_dialog.cpp ...
Compiling godot-cpp/gen/src/classes/accessibility_server.cpp ...
Compiling godot-cpp/gen/src/classes/aim_modifier3d.cpp ...
Compiling godot-cpp/gen/src/classes/animatable_body2d.cpp ...
Compiling godot-cpp/gen/src/classes/animatable_body3d.cpp ...
Compiling godot-cpp/gen/src/classes/animated_sprite2d.cpp ...
Compiling godot-cpp/gen/src/classes/animated_sprite3d.cpp ...
Compiling godot-cpp/gen/src/classes/animated_texture.cpp ...
Compiling godot-cpp/gen/src/classes/animation.cpp ...
Compiling godot-cpp/gen/src/classes/animation_library.cpp ...
Compiling godot-cpp/gen/src/classes/animation_mixer.cpp ...
Compiling godot-cpp/gen/src/classes/animation_node.cpp ...
Compiling godot-cpp/gen/src/classes/animation_node_add2.cpp ...
Compiling godot-cpp/gen/src/classes/animation_node_add3.cpp ...
Compiling godot-cpp/gen/src/classes/animation_node_animation.cpp ...
Compiling godot-cpp/gen/src/classes/animation_node_blend2.cpp ...
Compiling godot-cpp/gen/src/classes/animation_node_blend3.cpp ...
Compiling godot-cpp/gen/src/classes/animation_node_blend_space1_d.cpp ...
Compiling godot-cpp/gen/src/classes/animation_node_blend_space2d.cpp ...
Compiling godot-cpp/gen/src/classes/animation_node_blend_tree.cpp ...
Compiling godot-cpp/gen/src/classes/animation_node_extension.cpp ...
Compiling godot-cpp/gen/src/classes/animation_node_one_shot.cpp ...
Compiling godot-cpp/gen/src/classes/animation_node_output.cpp ...
Compiling godot-cpp/gen/src/classes/animation_node_state_machine.cpp ...
Compiling godot-cpp/gen/src/classes/animation_node_state_machine_playback.cpp ...
Compiling godot-cpp/gen/src/classes/animation_node_state_machine_transition.cpp ...
Compiling godot-cpp/gen/src/classes/animation_node_sub2.cpp ...
Compiling godot-cpp/gen/src/classes/animation_node_sync.cpp ...
Compiling godot-cpp/gen/src/classes/animation_node_time_scale.cpp ...
Compiling godot-cpp/gen/src/classes/animation_node_time_seek.cpp ...
Compiling godot-cpp/gen/src/classes/animation_node_transition.cpp ...
Compiling godot-cpp/gen/src/classes/animation_player.cpp ...
Compiling godot-cpp/gen/src/classes/animation_root_node.cpp ...
Compiling godot-cpp/gen/src/classes/animation_tree.cpp ...
Compiling godot-cpp/gen/src/classes/area2d.cpp ...
Compiling godot-cpp/gen/src/classes/area3d.cpp ...
Compiling godot-cpp/gen/src/classes/area_light3d.cpp ...
Compiling godot-cpp/gen/src/classes/array_mesh.cpp ...
Compiling godot-cpp/gen/src/classes/array_occluder3d.cpp ...
Compiling godot-cpp/gen/src/classes/aspect_ratio_container.cpp ...
Compiling godot-cpp/gen/src/classes/atlas_texture.cpp ...
Compiling godot-cpp/gen/src/classes/audio_bus_layout.cpp ...
Compiling godot-cpp/gen/src/classes/audio_effect.cpp ...
Compiling godot-cpp/gen/src/classes/audio_effect_amplify.cpp ...
Compiling godot-cpp/gen/src/classes/audio_effect_band_limit_filter.cpp ...
Compiling godot-cpp/gen/src/classes/audio_effect_band_pass_filter.cpp ...
Compiling godot-cpp/gen/src/classes/audio_effect_capture.cpp ...
Compiling godot-cpp/gen/src/classes/audio_effect_chorus.cpp ...
Compiling godot-cpp/gen/src/classes/audio_effect_compressor.cpp ...
Compiling godot-cpp/gen/src/classes/audio_effect_delay.cpp ...
Compiling godot-cpp/gen/src/classes/audio_effect_distortion.cpp ...
Compiling godot-cpp/gen/src/classes/audio_effect_eq.cpp ...
Compiling godot-cpp/gen/src/classes/audio_effect_eq10.cpp ...
Compiling godot-cpp/gen/src/classes/audio_effect_eq21.cpp ...
Compiling godot-cpp/gen/src/classes/audio_effect_eq6.cpp ...
Compiling godot-cpp/gen/src/classes/audio_effect_filter.cpp ...
Compiling godot-cpp/gen/src/classes/audio_effect_hard_limiter.cpp ...
Compiling godot-cpp/gen/src/classes/audio_effect_high_pass_filter.cpp ...
Compiling godot-cpp/gen/src/classes/audio_effect_high_shelf_filter.cpp ...
Compiling godot-cpp/gen/src/classes/audio_effect_instance.cpp ...
Compiling godot-cpp/gen/src/classes/audio_effect_limiter.cpp ...
Compiling godot-cpp/gen/src/classes/audio_effect_low_pass_filter.cpp ...
Compiling godot-cpp/gen/src/classes/audio_effect_low_shelf_filter.cpp ...
Compiling godot-cpp/gen/src/classes/audio_effect_notch_filter.cpp ...
Compiling godot-cpp/gen/src/classes/audio_effect_panner.cpp ...
Compiling godot-cpp/gen/src/classes/audio_effect_phaser.cpp ...
Compiling godot-cpp/gen/src/classes/audio_effect_pitch_shift.cpp ...
Compiling godot-cpp/gen/src/classes/audio_effect_record.cpp ...
Compiling godot-cpp/gen/src/classes/audio_effect_reverb.cpp ...
Compiling godot-cpp/gen/src/classes/audio_effect_spectrum_analyzer.cpp ...
Compiling godot-cpp/gen/src/classes/audio_effect_spectrum_analyzer_instance.cpp ...
Compiling godot-cpp/gen/src/classes/audio_effect_stereo_enhance.cpp ...
Compiling godot-cpp/gen/src/classes/audio_listener2d.cpp ...
Compiling godot-cpp/gen/src/classes/audio_listener3d.cpp ...
Compiling godot-cpp/gen/src/classes/audio_sample.cpp ...
Compiling godot-cpp/gen/src/classes/audio_sample_playback.cpp ...
Compiling godot-cpp/gen/src/classes/audio_server.cpp ...
Compiling godot-cpp/gen/src/classes/audio_stream.cpp ...
Compiling godot-cpp/gen/src/classes/audio_stream_generator.cpp ...
Compiling godot-cpp/gen/src/classes/audio_stream_generator_playback.cpp ...
Compiling godot-cpp/gen/src/classes/audio_stream_interactive.cpp ...
Compiling godot-cpp/gen/src/classes/audio_stream_mp3.cpp ...
Compiling godot-cpp/gen/src/classes/audio_stream_microphone.cpp ...
Compiling godot-cpp/gen/src/classes/audio_stream_ogg_vorbis.cpp ...
Compiling godot-cpp/gen/src/classes/audio_stream_playback.cpp ...
Compiling godot-cpp/gen/src/classes/audio_stream_playback_interactive.cpp ...
Compiling godot-cpp/gen/src/classes/audio_stream_playback_ogg_vorbis.cpp ...
Compiling godot-cpp/gen/src/classes/audio_stream_playback_playlist.cpp ...
Compiling godot-cpp/gen/src/classes/audio_stream_playback_polyphonic.cpp ...
Compiling godot-cpp/gen/src/classes/audio_stream_playback_resampled.cpp ...
Compiling godot-cpp/gen/src/classes/audio_stream_playback_synchronized.cpp ...
Compiling godot-cpp/gen/src/classes/audio_stream_player.cpp ...
Compiling godot-cpp/gen/src/classes/audio_stream_player2d.cpp ...
Compiling godot-cpp/gen/src/classes/audio_stream_player3d.cpp ...
Compiling godot-cpp/gen/src/classes/audio_stream_playlist.cpp ...
Compiling godot-cpp/gen/src/classes/audio_stream_polyphonic.cpp ...
Compiling godot-cpp/gen/src/classes/audio_stream_randomizer.cpp ...
Compiling godot-cpp/gen/src/classes/audio_stream_synchronized.cpp ...
Compiling godot-cpp/gen/src/classes/audio_stream_wav.cpp ...
Compiling godot-cpp/gen/src/classes/await_tweener.cpp ...
Compiling godot-cpp/gen/src/classes/back_buffer_copy.cpp ...
Compiling godot-cpp/gen/src/classes/base_button.cpp ...
Compiling godot-cpp/gen/src/classes/base_material3d.cpp ...
Compiling godot-cpp/gen/src/classes/bit_map.cpp ...
Compiling godot-cpp/gen/src/classes/blit_material.cpp ...
Compiling godot-cpp/gen/src/classes/bone2d.cpp ...
Compiling godot-cpp/gen/src/classes/bone_attachment3d.cpp ...
Compiling godot-cpp/gen/src/classes/bone_constraint3d.cpp ...
Compiling godot-cpp/gen/src/classes/bone_map.cpp ...
Compiling godot-cpp/gen/src/classes/bone_twist_disperser3d.cpp ...
Compiling godot-cpp/gen/src/classes/box_container.cpp ...
Compiling godot-cpp/gen/src/classes/box_mesh.cpp ...
Compiling godot-cpp/gen/src/classes/box_occluder3d.cpp ...
Compiling godot-cpp/gen/src/classes/box_shape3d.cpp ...
Compiling godot-cpp/gen/src/classes/button.cpp ...
Compiling godot-cpp/gen/src/classes/button_group.cpp ...
Compiling godot-cpp/gen/src/classes/ccdik3d.cpp ...
Compiling godot-cpp/gen/src/classes/cpu_particles2d.cpp ...
Compiling godot-cpp/gen/src/classes/cpu_particles3d.cpp ...
Compiling godot-cpp/gen/src/classes/csg_box3d.cpp ...
Compiling godot-cpp/gen/src/classes/csg_combiner3d.cpp ...
Compiling godot-cpp/gen/src/classes/csg_cylinder3d.cpp ...
Compiling godot-cpp/gen/src/classes/csg_mesh3d.cpp ...
Compiling godot-cpp/gen/src/classes/csg_polygon3d.cpp ...
Compiling godot-cpp/gen/src/classes/csg_primitive3d.cpp ...
Compiling godot-cpp/gen/src/classes/csg_shape3d.cpp ...
Compiling godot-cpp/gen/src/classes/csg_sphere3d.cpp ...
Compiling godot-cpp/gen/src/classes/csg_torus3d.cpp ...
Compiling godot-cpp/gen/src/classes/callback_tweener.cpp ...
Compiling godot-cpp/gen/src/classes/camera2d.cpp ...
Compiling godot-cpp/gen/src/classes/camera3d.cpp ...
Compiling godot-cpp/gen/src/classes/camera_attributes.cpp ...
Compiling godot-cpp/gen/src/classes/camera_attributes_physical.cpp ...
Compiling godot-cpp/gen/src/classes/camera_attributes_practical.cpp ...
Compiling godot-cpp/gen/src/classes/camera_feed.cpp ...
Compiling godot-cpp/gen/src/classes/camera_server.cpp ...
Compiling godot-cpp/gen/src/classes/camera_texture.cpp ...
Compiling godot-cpp/gen/src/classes/canvas_group.cpp ...
Compiling godot-cpp/gen/src/classes/canvas_item.cpp ...
Compiling godot-cpp/gen/src/classes/canvas_item_material.cpp ...
Compiling godot-cpp/gen/src/classes/canvas_layer.cpp ...
Compiling godot-cpp/gen/src/classes/canvas_modulate.cpp ...
Compiling godot-cpp/gen/src/classes/canvas_texture.cpp ...
Compiling godot-cpp/gen/src/classes/capsule_mesh.cpp ...
Compiling godot-cpp/gen/src/classes/capsule_shape2d.cpp ...
Compiling godot-cpp/gen/src/classes/capsule_shape3d.cpp ...
Compiling godot-cpp/gen/src/classes/center_container.cpp ...
Compiling godot-cpp/gen/src/classes/chain_ik3d.cpp ...
Compiling godot-cpp/gen/src/classes/char_fx_transform.cpp ...
Compiling godot-cpp/gen/src/classes/character_body2d.cpp ...
Compiling godot-cpp/gen/src/classes/character_body3d.cpp ...
Compiling godot-cpp/gen/src/classes/check_box.cpp ...
Compiling godot-cpp/gen/src/classes/check_button.cpp ...
Compiling godot-cpp/gen/src/classes/circle_shape2d.cpp ...
Compiling godot-cpp/gen/src/classes/class_db_singleton.cpp ...
Compiling godot-cpp/gen/src/classes/code_edit.cpp ...
Compiling godot-cpp/gen/src/classes/code_highlighter.cpp ...
Compiling godot-cpp/gen/src/classes/collision_object2d.cpp ...
Compiling godot-cpp/gen/src/classes/collision_object3d.cpp ...
Compiling godot-cpp/gen/src/classes/collision_polygon2d.cpp ...
Compiling godot-cpp/gen/src/classes/collision_polygon3d.cpp ...
Compiling godot-cpp/gen/src/classes/collision_shape2d.cpp ...
Compiling godot-cpp/gen/src/classes/collision_shape3d.cpp ...
Compiling godot-cpp/gen/src/classes/color_palette.cpp ...
Compiling godot-cpp/gen/src/classes/color_picker.cpp ...
Compiling godot-cpp/gen/src/classes/color_picker_button.cpp ...
Compiling godot-cpp/gen/src/classes/color_rect.cpp ...
Compiling godot-cpp/gen/src/classes/compositor.cpp ...
Compiling godot-cpp/gen/src/classes/compositor_effect.cpp ...
Compiling godot-cpp/gen/src/classes/compressed_cubemap.cpp ...
Compiling godot-cpp/gen/src/classes/compressed_cubemap_array.cpp ...
Compiling godot-cpp/gen/src/classes/compressed_texture2d.cpp ...
Compiling godot-cpp/gen/src/classes/compressed_texture2d_array.cpp ...
Compiling godot-cpp/gen/src/classes/compressed_texture3d.cpp ...
Compiling godot-cpp/gen/src/classes/compressed_texture_layered.cpp ...
Compiling godot-cpp/gen/src/classes/concave_polygon_shape2d.cpp ...
Compiling godot-cpp/gen/src/classes/concave_polygon_shape3d.cpp ...
Compiling godot-cpp/gen/src/classes/cone_twist_joint3d.cpp ...
Compiling godot-cpp/gen/src/classes/config_file.cpp ...
Compiling godot-cpp/gen/src/classes/confirmation_dialog.cpp ...
Compiling godot-cpp/gen/src/classes/container.cpp ...
Compiling godot-cpp/gen/src/classes/control.cpp ...
Compiling godot-cpp/gen/src/classes/convert_transform_modifier3d.cpp ...
Compiling godot-cpp/gen/src/classes/convex_polygon_shape2d.cpp ...
Compiling godot-cpp/gen/src/classes/convex_polygon_shape3d.cpp ...
Compiling godot-cpp/gen/src/classes/copy_transform_modifier3d.cpp ...
Compiling godot-cpp/gen/src/classes/crypto.cpp ...
Compiling godot-cpp/gen/src/classes/crypto_key.cpp ...
Compiling godot-cpp/gen/src/classes/cubemap.cpp ...
Compiling godot-cpp/gen/src/classes/cubemap_array.cpp ...
Compiling godot-cpp/gen/src/classes/curve.cpp ...
Compiling godot-cpp/gen/src/classes/curve2d.cpp ...
Compiling godot-cpp/gen/src/classes/curve3d.cpp ...
Compiling godot-cpp/gen/src/classes/curve_texture.cpp ...
Compiling godot-cpp/gen/src/classes/curve_xyz_texture.cpp ...
Compiling godot-cpp/gen/src/classes/cylinder_mesh.cpp ...
Compiling godot-cpp/gen/src/classes/cylinder_shape3d.cpp ...
Compiling godot-cpp/gen/src/classes/dpi_texture.cpp ...
Compiling godot-cpp/gen/src/classes/dtls_server.cpp ...
Compiling godot-cpp/gen/src/classes/damped_spring_joint2d.cpp ...
Compiling godot-cpp/gen/src/classes/decal.cpp ...
Compiling godot-cpp/gen/src/classes/dir_access.cpp ...
Compiling godot-cpp/gen/src/classes/directional_light2d.cpp ...
Compiling godot-cpp/gen/src/classes/directional_light3d.cpp ...
Compiling godot-cpp/gen/src/classes/display_server.cpp ...
Compiling godot-cpp/gen/src/classes/drawable_texture2d.cpp ...
Compiling godot-cpp/gen/src/classes/e_net_connection.cpp ...
Compiling godot-cpp/gen/src/classes/e_net_multiplayer_peer.cpp ...
Compiling godot-cpp/gen/src/classes/e_net_packet_peer.cpp ...
Compiling godot-cpp/gen/src/classes/editor_command_palette.cpp ...
Compiling godot-cpp/gen/src/classes/editor_context_menu_plugin.cpp ...
Compiling godot-cpp/gen/src/classes/editor_debugger_plugin.cpp ...
Compiling godot-cpp/gen/src/classes/editor_debugger_session.cpp ...
Compiling godot-cpp/gen/src/classes/editor_dock.cpp ...
Compiling godot-cpp/gen/src/classes/editor_export_platform.cpp ...
Compiling godot-cpp/gen/src/classes/editor_export_platform_android.cpp ...
Compiling godot-cpp/gen/src/classes/editor_export_platform_apple_embedded.cpp ...
Compiling godot-cpp/gen/src/classes/editor_export_platform_extension.cpp ...
Compiling godot-cpp/gen/src/classes/editor_export_platform_ios.cpp ...
Compiling godot-cpp/gen/src/classes/editor_export_platform_linux_bsd.cpp ...
Compiling godot-cpp/gen/src/classes/editor_export_platform_mac_os.cpp ...
Compiling godot-cpp/gen/src/classes/editor_export_platform_pc.cpp ...
Compiling godot-cpp/gen/src/classes/editor_export_platform_vision_os.cpp ...
Compiling godot-cpp/gen/src/classes/editor_export_platform_web.cpp ...
Compiling godot-cpp/gen/src/classes/editor_export_platform_windows.cpp ...
Compiling godot-cpp/gen/src/classes/editor_export_plugin.cpp ...
Compiling godot-cpp/gen/src/classes/editor_export_preset.cpp ...
Compiling godot-cpp/gen/src/classes/editor_feature_profile.cpp ...
Compiling godot-cpp/gen/src/classes/editor_file_dialog.cpp ...
Compiling godot-cpp/gen/src/classes/editor_file_system.cpp ...
Compiling godot-cpp/gen/src/classes/editor_file_system_directory.cpp ...
Compiling godot-cpp/gen/src/classes/editor_file_system_import_format_support_query.cpp ...
Compiling godot-cpp/gen/src/classes/editor_import_plugin.cpp ...
Compiling godot-cpp/gen/src/classes/editor_inspector.cpp ...
Compiling godot-cpp/gen/src/classes/editor_inspector_plugin.cpp ...
Compiling godot-cpp/gen/src/classes/editor_interface.cpp ...
Compiling godot-cpp/gen/src/classes/editor_node3d_gizmo.cpp ...
Compiling godot-cpp/gen/src/classes/editor_node3d_gizmo_plugin.cpp ...
Compiling godot-cpp/gen/src/classes/editor_paths.cpp ...
Compiling godot-cpp/gen/src/classes/editor_plugin.cpp ...
Compiling godot-cpp/gen/src/classes/editor_property.cpp ...
Compiling godot-cpp/gen/src/classes/editor_resource_conversion_plugin.cpp ...
Compiling godot-cpp/gen/src/classes/editor_resource_picker.cpp ...
Compiling godot-cpp/gen/src/classes/editor_resource_preview.cpp ...
Compiling godot-cpp/gen/src/classes/editor_resource_preview_generator.cpp ...
Compiling godot-cpp/gen/src/classes/editor_resource_tooltip_plugin.cpp ...
Compiling godot-cpp/gen/src/classes/editor_scene_format_importer.cpp ...
Compiling godot-cpp/gen/src/classes/editor_scene_format_importer_blend.cpp ...
Compiling godot-cpp/gen/src/classes/editor_scene_format_importer_fbx2_gltf.cpp ...
Compiling godot-cpp/gen/src/classes/editor_scene_format_importer_gltf.cpp ...
Compiling godot-cpp/gen/src/classes/editor_scene_format_importer_ufbx.cpp ...
Compiling godot-cpp/gen/src/classes/editor_scene_post_import.cpp ...
Compiling godot-cpp/gen/src/classes/editor_scene_post_import_plugin.cpp ...
Compiling godot-cpp/gen/src/classes/editor_script.cpp ...
Compiling godot-cpp/gen/src/classes/editor_script_picker.cpp ...
Compiling godot-cpp/gen/src/classes/editor_selection.cpp ...
Compiling godot-cpp/gen/src/classes/editor_settings.cpp ...
Compiling godot-cpp/gen/src/classes/editor_spin_slider.cpp ...
Compiling godot-cpp/gen/src/classes/editor_syntax_highlighter.cpp ...
Compiling godot-cpp/gen/src/classes/editor_toaster.cpp ...
Compiling godot-cpp/gen/src/classes/editor_translation_parser_plugin.cpp ...
Compiling godot-cpp/gen/src/classes/editor_undo_redo_manager.cpp ...
Compiling godot-cpp/gen/src/classes/editor_vcs_interface.cpp ...
Compiling godot-cpp/gen/src/classes/encoded_object_as_id.cpp ...
Compiling godot-cpp/gen/src/classes/engine.cpp ...
Compiling godot-cpp/gen/src/classes/engine_debugger.cpp ...
Compiling godot-cpp/gen/src/classes/engine_profiler.cpp ...
Compiling godot-cpp/gen/src/classes/environment.cpp ...
Compiling godot-cpp/gen/src/classes/expression.cpp ...
Compiling godot-cpp/gen/src/classes/external_texture.cpp ...
Compiling godot-cpp/gen/src/classes/fabrik3d.cpp ...
Compiling godot-cpp/gen/src/classes/fbx_document.cpp ...
Compiling godot-cpp/gen/src/classes/fbx_state.cpp ...
Compiling godot-cpp/gen/src/classes/fast_noise_lite.cpp ...
Compiling godot-cpp/gen/src/classes/file_access.cpp ...
Compiling godot-cpp/gen/src/classes/file_dialog.cpp ...
Compiling godot-cpp/gen/src/classes/file_system_dock.cpp ...
Compiling godot-cpp/gen/src/classes/flow_container.cpp ...
Compiling godot-cpp/gen/src/classes/fog_material.cpp ...
Compiling godot-cpp/gen/src/classes/fog_volume.cpp ...
Compiling godot-cpp/gen/src/classes/foldable_container.cpp ...
Compiling godot-cpp/gen/src/classes/foldable_group.cpp ...
Compiling godot-cpp/gen/src/classes/font.cpp ...
Compiling godot-cpp/gen/src/classes/font_file.cpp ...
Compiling godot-cpp/gen/src/classes/font_variation.cpp ...
Compiling godot-cpp/gen/src/classes/framebuffer_cache_rd.cpp ...
Compiling godot-cpp/gen/src/classes/gd_extension.cpp ...
Compiling godot-cpp/gen/src/classes/gd_extension_manager.cpp ...
Compiling godot-cpp/gen/src/classes/gd_script.cpp ...
Compiling godot-cpp/gen/src/classes/gd_script_language_protocol.cpp ...
Compiling godot-cpp/gen/src/classes/gd_script_syntax_highlighter.cpp ...
Compiling godot-cpp/gen/src/classes/gd_script_text_document.cpp ...
Compiling godot-cpp/gen/src/classes/gd_script_workspace.cpp ...
Compiling godot-cpp/gen/src/classes/gltf_accessor.cpp ...
Compiling godot-cpp/gen/src/classes/gltf_animation.cpp ...
Compiling godot-cpp/gen/src/classes/gltf_buffer_view.cpp ...
Compiling godot-cpp/gen/src/classes/gltf_camera.cpp ...
Compiling godot-cpp/gen/src/classes/gltf_document.cpp ...
Compiling godot-cpp/gen/src/classes/gltf_document_extension.cpp ...
Compiling godot-cpp/gen/src/classes/gltf_document_extension_convert_importer_mesh.cpp ...
Compiling godot-cpp/gen/src/classes/gltf_light.cpp ...
Compiling godot-cpp/gen/src/classes/gltf_mesh.cpp ...
Compiling godot-cpp/gen/src/classes/gltf_node.cpp ...
Compiling godot-cpp/gen/src/classes/gltf_object_model_property.cpp ...
Compiling godot-cpp/gen/src/classes/gltf_physics_body.cpp ...
Compiling godot-cpp/gen/src/classes/gltf_physics_shape.cpp ...
Compiling godot-cpp/gen/src/classes/gltf_skeleton.cpp ...
Compiling godot-cpp/gen/src/classes/gltf_skin.cpp ...
Compiling godot-cpp/gen/src/classes/gltf_spec_gloss.cpp ...
Compiling godot-cpp/gen/src/classes/gltf_state.cpp ...
Compiling godot-cpp/gen/src/classes/gltf_texture.cpp ...
Compiling godot-cpp/gen/src/classes/gltf_texture_sampler.cpp ...
Compiling godot-cpp/gen/src/classes/gpu_particles2d.cpp ...
Compiling godot-cpp/gen/src/classes/gpu_particles3d.cpp ...
Compiling godot-cpp/gen/src/classes/gpu_particles_attractor3d.cpp ...
Compiling godot-cpp/gen/src/classes/gpu_particles_attractor_box3d.cpp ...
Compiling godot-cpp/gen/src/classes/gpu_particles_attractor_sphere3d.cpp ...
Compiling godot-cpp/gen/src/classes/gpu_particles_attractor_vector_field3d.cpp ...
Compiling godot-cpp/gen/src/classes/gpu_particles_collision3d.cpp ...
Compiling godot-cpp/gen/src/classes/gpu_particles_collision_box3d.cpp ...
Compiling godot-cpp/gen/src/classes/gpu_particles_collision_height_field3d.cpp ...
Compiling godot-cpp/gen/src/classes/gpu_particles_collision_sdf3d.cpp ...
Compiling godot-cpp/gen/src/classes/gpu_particles_collision_sphere3d.cpp ...
Compiling godot-cpp/gen/src/classes/generic6_dof_joint3d.cpp ...
Compiling godot-cpp/gen/src/classes/geometry2d.cpp ...
Compiling godot-cpp/gen/src/classes/geometry3d.cpp ...
Compiling godot-cpp/gen/src/classes/geometry_instance3d.cpp ...
Compiling godot-cpp/gen/src/classes/godot_instance.cpp ...
Compiling godot-cpp/gen/src/classes/gradient.cpp ...
Compiling godot-cpp/gen/src/classes/gradient_texture1_d.cpp ...
Compiling godot-cpp/gen/src/classes/gradient_texture2d.cpp ...
Compiling godot-cpp/gen/src/classes/graph_edit.cpp ...
Compiling godot-cpp/gen/src/classes/graph_element.cpp ...
Compiling godot-cpp/gen/src/classes/graph_frame.cpp ...
Compiling godot-cpp/gen/src/classes/graph_node.cpp ...
Compiling godot-cpp/gen/src/classes/grid_container.cpp ...
Compiling godot-cpp/gen/src/classes/grid_map.cpp ...
Compiling godot-cpp/gen/src/classes/grid_map_editor_plugin.cpp ...
Compiling godot-cpp/gen/src/classes/groove_joint2d.cpp ...
Compiling godot-cpp/gen/src/classes/h_box_container.cpp ...
Compiling godot-cpp/gen/src/classes/h_flow_container.cpp ...
Compiling godot-cpp/gen/src/classes/hmac_context.cpp ...
Compiling godot-cpp/gen/src/classes/h_scroll_bar.cpp ...
Compiling godot-cpp/gen/src/classes/h_separator.cpp ...
Compiling godot-cpp/gen/src/classes/h_slider.cpp ...
Compiling godot-cpp/gen/src/classes/h_split_container.cpp ...
Compiling godot-cpp/gen/src/classes/http_client.cpp ...
Compiling godot-cpp/gen/src/classes/http_request.cpp ...
Compiling godot-cpp/gen/src/classes/hashing_context.cpp ...
Compiling godot-cpp/gen/src/classes/height_map_shape3d.cpp ...
Compiling godot-cpp/gen/src/classes/hinge_joint3d.cpp ...
Compiling godot-cpp/gen/src/classes/ik_modifier3d.cpp ...
Compiling godot-cpp/gen/src/classes/ip.cpp ...
Compiling godot-cpp/gen/src/classes/image.cpp ...
Compiling godot-cpp/gen/src/classes/image_format_loader.cpp ...
Compiling godot-cpp/gen/src/classes/image_format_loader_extension.cpp ...
Compiling godot-cpp/gen/src/classes/image_texture.cpp ...
Compiling godot-cpp/gen/src/classes/image_texture3d.cpp ...
Compiling godot-cpp/gen/src/classes/image_texture_layered.cpp ...
Compiling godot-cpp/gen/src/classes/immediate_mesh.cpp ...
Compiling godot-cpp/gen/src/classes/importer_mesh.cpp ...
Compiling godot-cpp/gen/src/classes/importer_mesh_instance3d.cpp ...
Compiling godot-cpp/gen/src/classes/input.cpp ...
Compiling godot-cpp/gen/src/classes/input_event.cpp ...
Compiling godot-cpp/gen/src/classes/input_event_action.cpp ...
Compiling godot-cpp/gen/src/classes/input_event_from_window.cpp ...
Compiling godot-cpp/gen/src/classes/input_event_gesture.cpp ...
Compiling godot-cpp/gen/src/classes/input_event_joypad_button.cpp ...
Compiling godot-cpp/gen/src/classes/input_event_joypad_motion.cpp ...
Compiling godot-cpp/gen/src/classes/input_event_key.cpp ...
Compiling godot-cpp/gen/src/classes/input_event_midi.cpp ...
Compiling godot-cpp/gen/src/classes/input_event_magnify_gesture.cpp ...
Compiling godot-cpp/gen/src/classes/input_event_mouse.cpp ...
Compiling godot-cpp/gen/src/classes/input_event_mouse_button.cpp ...
Compiling godot-cpp/gen/src/classes/input_event_mouse_motion.cpp ...
Compiling godot-cpp/gen/src/classes/input_event_pan_gesture.cpp ...
Compiling godot-cpp/gen/src/classes/input_event_screen_drag.cpp ...
Compiling godot-cpp/gen/src/classes/input_event_screen_touch.cpp ...
Compiling godot-cpp/gen/src/classes/input_event_shortcut.cpp ...
Compiling godot-cpp/gen/src/classes/input_event_with_modifiers.cpp ...
Compiling godot-cpp/gen/src/classes/input_map.cpp ...
Compiling godot-cpp/gen/src/classes/instance_placeholder.cpp ...
Compiling godot-cpp/gen/src/classes/interval_tweener.cpp ...
Compiling godot-cpp/gen/src/classes/item_list.cpp ...
Compiling godot-cpp/gen/src/classes/iterate_ik3d.cpp ...
Compiling godot-cpp/gen/src/classes/jni_singleton.cpp ...
Compiling godot-cpp/gen/src/classes/json.cpp ...
Compiling godot-cpp/gen/src/classes/jsonrpc.cpp ...
Compiling godot-cpp/gen/src/classes/jacobian_ik3d.cpp ...
Compiling godot-cpp/gen/src/classes/java_class.cpp ...
Compiling godot-cpp/gen/src/classes/java_class_wrapper.cpp ...
Compiling godot-cpp/gen/src/classes/java_object.cpp ...
Compiling godot-cpp/gen/src/classes/java_script_bridge.cpp ...
Compiling godot-cpp/gen/src/classes/java_script_object.cpp ...
Compiling godot-cpp/gen/src/classes/joint2d.cpp ...
Compiling godot-cpp/gen/src/classes/joint3d.cpp ...
Compiling godot-cpp/gen/src/classes/joint_limitation3d.cpp ...
Compiling godot-cpp/gen/src/classes/joint_limitation_cone3d.cpp ...
Compiling godot-cpp/gen/src/classes/kinematic_collision2d.cpp ...
Compiling godot-cpp/gen/src/classes/kinematic_collision3d.cpp ...
Compiling godot-cpp/gen/src/classes/label.cpp ...
Compiling godot-cpp/gen/src/classes/label3d.cpp ...
Compiling godot-cpp/gen/src/classes/label_settings.cpp ...
Compiling godot-cpp/gen/src/classes/light2d.cpp ...
Compiling godot-cpp/gen/src/classes/light3d.cpp ...
Compiling godot-cpp/gen/src/classes/light_occluder2d.cpp ...
Compiling godot-cpp/gen/src/classes/lightmap_gi.cpp ...
Compiling godot-cpp/gen/src/classes/lightmap_gi_data.cpp ...
Compiling godot-cpp/gen/src/classes/lightmap_probe.cpp ...
Compiling godot-cpp/gen/src/classes/lightmapper.cpp ...
Compiling godot-cpp/gen/src/classes/lightmapper_rd.cpp ...
Compiling godot-cpp/gen/src/classes/limit_angular_velocity_modifier3d.cpp ...
Compiling godot-cpp/gen/src/classes/line2d.cpp ...
Compiling godot-cpp/gen/src/classes/line_edit.cpp ...
Compiling godot-cpp/gen/src/classes/link_button.cpp ...
Compiling godot-cpp/gen/src/classes/logger.cpp ...
Compiling godot-cpp/gen/src/classes/look_at_modifier3d.cpp ...
Compiling godot-cpp/gen/src/classes/main_loop.cpp ...
Compiling godot-cpp/gen/src/classes/margin_container.cpp ...
Compiling godot-cpp/gen/src/classes/marker2d.cpp ...
Compiling godot-cpp/gen/src/classes/marker3d.cpp ...
Compiling godot-cpp/gen/src/classes/marshalls.cpp ...
Compiling godot-cpp/gen/src/classes/material.cpp ...
Compiling godot-cpp/gen/src/classes/menu_bar.cpp ...
Compiling godot-cpp/gen/src/classes/menu_button.cpp ...
Compiling godot-cpp/gen/src/classes/mesh.cpp ...
Compiling godot-cpp/gen/src/classes/mesh_convex_decomposition_settings.cpp ...
Compiling godot-cpp/gen/src/classes/mesh_data_tool.cpp ...
Compiling godot-cpp/gen/src/classes/mesh_instance2d.cpp ...
Compiling godot-cpp/gen/src/classes/mesh_instance3d.cpp ...
Compiling godot-cpp/gen/src/classes/mesh_library.cpp ...
Compiling godot-cpp/gen/src/classes/mesh_texture.cpp ...
Compiling godot-cpp/gen/src/classes/method_tweener.cpp ...
Compiling godot-cpp/gen/src/classes/missing_node.cpp ...
Compiling godot-cpp/gen/src/classes/missing_resource.cpp ...
Compiling godot-cpp/gen/src/classes/mobile_vr_interface.cpp ...
Compiling godot-cpp/gen/src/classes/modifier_bone_target3d.cpp ...
Compiling godot-cpp/gen/src/classes/movie_writer.cpp ...
Compiling godot-cpp/gen/src/classes/multi_mesh.cpp ...
Compiling godot-cpp/gen/src/classes/multi_mesh_instance2d.cpp ...
Compiling godot-cpp/gen/src/classes/multi_mesh_instance3d.cpp ...
Compiling godot-cpp/gen/src/classes/multiplayer_api.cpp ...
Compiling godot-cpp/gen/src/classes/multiplayer_api_extension.cpp ...
Compiling godot-cpp/gen/src/classes/multiplayer_peer.cpp ...
Compiling godot-cpp/gen/src/classes/multiplayer_peer_extension.cpp ...
Compiling godot-cpp/gen/src/classes/multiplayer_spawner.cpp ...
Compiling godot-cpp/gen/src/classes/multiplayer_synchronizer.cpp ...
Compiling godot-cpp/gen/src/classes/mutex.cpp ...
Compiling godot-cpp/gen/src/classes/native_menu.cpp ...
Compiling godot-cpp/gen/src/classes/navigation_agent2d.cpp ...
Compiling godot-cpp/gen/src/classes/navigation_agent3d.cpp ...
Compiling godot-cpp/gen/src/classes/navigation_link2d.cpp ...
Compiling godot-cpp/gen/src/classes/navigation_link3d.cpp ...
Compiling godot-cpp/gen/src/classes/navigation_mesh.cpp ...
Compiling godot-cpp/gen/src/classes/navigation_mesh_generator.cpp ...
Compiling godot-cpp/gen/src/classes/navigation_mesh_source_geometry_data2d.cpp ...
Compiling godot-cpp/gen/src/classes/navigation_mesh_source_geometry_data3d.cpp ...
Compiling godot-cpp/gen/src/classes/navigation_obstacle2d.cpp ...
Compiling godot-cpp/gen/src/classes/navigation_obstacle3d.cpp ...
Compiling godot-cpp/gen/src/classes/navigation_path_query_parameters2d.cpp ...
Compiling godot-cpp/gen/src/classes/navigation_path_query_parameters3d.cpp ...
Compiling godot-cpp/gen/src/classes/navigation_path_query_result2d.cpp ...
Compiling godot-cpp/gen/src/classes/navigation_path_query_result3d.cpp ...
Compiling godot-cpp/gen/src/classes/navigation_polygon.cpp ...
Compiling godot-cpp/gen/src/classes/navigation_region2d.cpp ...
Compiling godot-cpp/gen/src/classes/navigation_region3d.cpp ...
Compiling godot-cpp/gen/src/classes/navigation_server2d.cpp ...
Compiling godot-cpp/gen/src/classes/navigation_server2d_manager.cpp ...
Compiling godot-cpp/gen/src/classes/navigation_server3d.cpp ...
Compiling godot-cpp/gen/src/classes/navigation_server3d_manager.cpp ...
Compiling godot-cpp/gen/src/classes/nine_patch_rect.cpp ...
Compiling godot-cpp/gen/src/classes/node.cpp ...
Compiling godot-cpp/gen/src/classes/node2d.cpp ...
Compiling godot-cpp/gen/src/classes/node3d.cpp ...
Compiling godot-cpp/gen/src/classes/node3d_gizmo.cpp ...
Compiling godot-cpp/gen/src/classes/noise.cpp ...
Compiling godot-cpp/gen/src/classes/noise_texture2d.cpp ...
Compiling godot-cpp/gen/src/classes/noise_texture3d.cpp ...
Compiling godot-cpp/gen/src/classes/orm_material3d.cpp ...
Compiling godot-cpp/gen/src/classes/os.cpp ...
Compiling godot-cpp/gen/src/classes/object.cpp ...
Compiling godot-cpp/gen/src/classes/occluder3d.cpp ...
Compiling godot-cpp/gen/src/classes/occluder_instance3d.cpp ...
Compiling godot-cpp/gen/src/classes/occluder_polygon2d.cpp ...
Compiling godot-cpp/gen/src/classes/offline_multiplayer_peer.cpp ...
Compiling godot-cpp/gen/src/classes/ogg_packet_sequence.cpp ...
Compiling godot-cpp/gen/src/classes/ogg_packet_sequence_playback.cpp ...
Compiling godot-cpp/gen/src/classes/omni_light3d.cpp ...
Compiling godot-cpp/gen/src/classes/open_xrapi_extension.cpp ...
Compiling godot-cpp/gen/src/classes/open_xr_action.cpp ...
Compiling godot-cpp/gen/src/classes/open_xr_action_binding_modifier.cpp ...
Compiling godot-cpp/gen/src/classes/open_xr_action_map.cpp ...
Compiling godot-cpp/gen/src/classes/open_xr_action_set.cpp ...
Compiling godot-cpp/gen/src/classes/open_xr_analog_threshold_modifier.cpp ...
Compiling godot-cpp/gen/src/classes/open_xr_anchor_tracker.cpp ...
Compiling godot-cpp/gen/src/classes/open_xr_android_thread_settings_extension.cpp ...
Compiling godot-cpp/gen/src/classes/open_xr_binding_modifier.cpp ...
Compiling godot-cpp/gen/src/classes/open_xr_binding_modifier_editor.cpp ...
Compiling godot-cpp/gen/src/classes/open_xr_composition_layer.cpp ...
Compiling godot-cpp/gen/src/classes/open_xr_composition_layer_cylinder.cpp ...
Compiling godot-cpp/gen/src/classes/open_xr_composition_layer_equirect.cpp ...
Compiling godot-cpp/gen/src/classes/open_xr_composition_layer_quad.cpp ...
Compiling godot-cpp/gen/src/classes/open_xr_dpad_binding_modifier.cpp ...
Compiling godot-cpp/gen/src/classes/open_xr_extension_wrapper.cpp ...
Compiling godot-cpp/gen/src/classes/open_xr_extension_wrapper_extension.cpp ...
Compiling godot-cpp/gen/src/classes/open_xr_frame_synthesis_extension.cpp ...
Compiling godot-cpp/gen/src/classes/open_xr_future_extension.cpp ...
Compiling godot-cpp/gen/src/classes/open_xr_future_result.cpp ...
Compiling godot-cpp/gen/src/classes/open_xr_hand.cpp ...
Compiling godot-cpp/gen/src/classes/open_xr_haptic_base.cpp ...
Compiling godot-cpp/gen/src/classes/open_xr_haptic_vibration.cpp ...
Compiling godot-cpp/gen/src/classes/open_xrip_binding.cpp ...
Compiling godot-cpp/gen/src/classes/open_xrip_binding_modifier.cpp ...
Compiling godot-cpp/gen/src/classes/open_xr_interaction_profile.cpp ...
Compiling godot-cpp/gen/src/classes/open_xr_interaction_profile_editor.cpp ...
Compiling godot-cpp/gen/src/classes/open_xr_interaction_profile_editor_base.cpp ...
Compiling godot-cpp/gen/src/classes/open_xr_interaction_profile_metadata.cpp ...
Compiling godot-cpp/gen/src/classes/open_xr_interface.cpp ...
Compiling godot-cpp/gen/src/classes/open_xr_marker_tracker.cpp ...
Compiling godot-cpp/gen/src/classes/open_xr_plane_tracker.cpp ...
Compiling godot-cpp/gen/src/classes/open_xr_render_model.cpp ...
Compiling godot-cpp/gen/src/classes/open_xr_render_model_extension.cpp ...
Compiling godot-cpp/gen/src/classes/open_xr_render_model_manager.cpp ...
Compiling godot-cpp/gen/src/classes/open_xr_spatial_anchor_capability.cpp ...
Compiling godot-cpp/gen/src/classes/open_xr_spatial_capability_configuration_anchor.cpp ...
Compiling godot-cpp/gen/src/classes/open_xr_spatial_capability_configuration_april_tag.cpp ...
Compiling godot-cpp/gen/src/classes/open_xr_spatial_capability_configuration_aruco.cpp ...
Compiling godot-cpp/gen/src/classes/open_xr_spatial_capability_configuration_base_header.cpp ...
Compiling godot-cpp/gen/src/classes/open_xr_spatial_capability_configuration_micro_qr_code.cpp ...
Compiling godot-cpp/gen/src/classes/open_xr_spatial_capability_configuration_plane_tracking.cpp ...
Compiling godot-cpp/gen/src/classes/open_xr_spatial_capability_configuration_qr_code.cpp ...
Compiling godot-cpp/gen/src/classes/open_xr_spatial_component_anchor_list.cpp ...
Compiling godot-cpp/gen/src/classes/open_xr_spatial_component_bounded2d_list.cpp ...
Compiling godot-cpp/gen/src/classes/open_xr_spatial_component_bounded3d_list.cpp ...
Compiling godot-cpp/gen/src/classes/open_xr_spatial_component_data.cpp ...
Compiling godot-cpp/gen/src/classes/open_xr_spatial_component_marker_list.cpp ...
Compiling godot-cpp/gen/src/classes/open_xr_spatial_component_mesh2d_list.cpp ...
Compiling godot-cpp/gen/src/classes/open_xr_spatial_component_mesh3d_list.cpp ...
Compiling godot-cpp/gen/src/classes/open_xr_spatial_component_parent_list.cpp ...
Compiling godot-cpp/gen/src/classes/open_xr_spatial_component_persistence_list.cpp ...
Compiling godot-cpp/gen/src/classes/open_xr_spatial_component_plane_alignment_list.cpp ...
Compiling godot-cpp/gen/src/classes/open_xr_spatial_component_plane_semantic_label_list.cpp ...
Compiling godot-cpp/gen/src/classes/open_xr_spatial_component_polygon2d_list.cpp ...
Compiling godot-cpp/gen/src/classes/open_xr_spatial_context_persistence_config.cpp ...
Compiling godot-cpp/gen/src/classes/open_xr_spatial_entity_extension.cpp ...
Compiling godot-cpp/gen/src/classes/open_xr_spatial_entity_tracker.cpp ...
Compiling godot-cpp/gen/src/classes/open_xr_spatial_marker_tracking_capability.cpp ...
Compiling godot-cpp/gen/src/classes/open_xr_spatial_plane_tracking_capability.cpp ...
Compiling godot-cpp/gen/src/classes/open_xr_spatial_query_result_data.cpp ...
Compiling godot-cpp/gen/src/classes/open_xr_structure_base.cpp ...
Compiling godot-cpp/gen/src/classes/open_xr_visibility_mask.cpp ...
Compiling godot-cpp/gen/src/classes/optimized_translation.cpp ...
Compiling godot-cpp/gen/src/classes/option_button.cpp ...
Compiling godot-cpp/gen/src/classes/pck_packer.cpp ...
Compiling godot-cpp/gen/src/classes/packed_data_container.cpp ...
Compiling godot-cpp/gen/src/classes/packed_data_container_ref.cpp ...
Compiling godot-cpp/gen/src/classes/packed_scene.cpp ...
Compiling godot-cpp/gen/src/classes/packet_peer.cpp ...
Compiling godot-cpp/gen/src/classes/packet_peer_dtls.cpp ...
Compiling godot-cpp/gen/src/classes/packet_peer_extension.cpp ...
Compiling godot-cpp/gen/src/classes/packet_peer_stream.cpp ...
Compiling godot-cpp/gen/src/classes/packet_peer_udp.cpp ...
Compiling godot-cpp/gen/src/classes/panel.cpp ...
Compiling godot-cpp/gen/src/classes/panel_container.cpp ...
Compiling godot-cpp/gen/src/classes/panorama_sky_material.cpp ...
Compiling godot-cpp/gen/src/classes/parallax2d.cpp ...
Compiling godot-cpp/gen/src/classes/parallax_background.cpp ...
Compiling godot-cpp/gen/src/classes/parallax_layer.cpp ...
Compiling godot-cpp/gen/src/classes/particle_process_material.cpp ...
Compiling godot-cpp/gen/src/classes/path2d.cpp ...
Compiling godot-cpp/gen/src/classes/path3d.cpp ...
Compiling godot-cpp/gen/src/classes/path_follow2d.cpp ...
Compiling godot-cpp/gen/src/classes/path_follow3d.cpp ...
Compiling godot-cpp/gen/src/classes/performance.cpp ...
Compiling godot-cpp/gen/src/classes/physical_bone2d.cpp ...
Compiling godot-cpp/gen/src/classes/physical_bone3d.cpp ...
Compiling godot-cpp/gen/src/classes/physical_bone_simulator3d.cpp ...
Compiling godot-cpp/gen/src/classes/physical_sky_material.cpp ...
Compiling godot-cpp/gen/src/classes/physics_body2d.cpp ...
Compiling godot-cpp/gen/src/classes/physics_body3d.cpp ...
Compiling godot-cpp/gen/src/classes/physics_direct_body_state2d.cpp ...
Compiling godot-cpp/gen/src/classes/physics_direct_body_state2d_extension.cpp ...
Compiling godot-cpp/gen/src/classes/physics_direct_body_state3d.cpp ...
Compiling godot-cpp/gen/src/classes/physics_direct_body_state3d_extension.cpp ...
Compiling godot-cpp/gen/src/classes/physics_direct_space_state2d.cpp ...
Compiling godot-cpp/gen/src/classes/physics_direct_space_state2d_extension.cpp ...
Compiling godot-cpp/gen/src/classes/physics_direct_space_state3d.cpp ...
Compiling godot-cpp/gen/src/classes/physics_direct_space_state3d_extension.cpp ...
Compiling godot-cpp/gen/src/classes/physics_material.cpp ...
Compiling godot-cpp/gen/src/classes/physics_point_query_parameters2d.cpp ...
Compiling godot-cpp/gen/src/classes/physics_point_query_parameters3d.cpp ...
Compiling godot-cpp/gen/src/classes/physics_ray_query_parameters2d.cpp ...
Compiling godot-cpp/gen/src/classes/physics_ray_query_parameters3d.cpp ...
Compiling godot-cpp/gen/src/classes/physics_server2d.cpp ...
Compiling godot-cpp/gen/src/classes/physics_server2d_extension.cpp ...
Compiling godot-cpp/gen/src/classes/physics_server2d_manager.cpp ...
Compiling godot-cpp/gen/src/classes/physics_server3d.cpp ...
Compiling godot-cpp/gen/src/classes/physics_server3d_extension.cpp ...
Compiling godot-cpp/gen/src/classes/physics_server3d_manager.cpp ...
Compiling godot-cpp/gen/src/classes/physics_server3d_rendering_server_handler.cpp ...
Compiling godot-cpp/gen/src/classes/physics_shape_query_parameters2d.cpp ...
Compiling godot-cpp/gen/src/classes/physics_shape_query_parameters3d.cpp ...
Compiling godot-cpp/gen/src/classes/physics_test_motion_parameters2d.cpp ...
Compiling godot-cpp/gen/src/classes/physics_test_motion_parameters3d.cpp ...
Compiling godot-cpp/gen/src/classes/physics_test_motion_result2d.cpp ...
Compiling godot-cpp/gen/src/classes/physics_test_motion_result3d.cpp ...
Compiling godot-cpp/gen/src/classes/pin_joint2d.cpp ...
Compiling godot-cpp/gen/src/classes/pin_joint3d.cpp ...
Compiling godot-cpp/gen/src/classes/placeholder_cubemap.cpp ...
Compiling godot-cpp/gen/src/classes/placeholder_cubemap_array.cpp ...
Compiling godot-cpp/gen/src/classes/placeholder_material.cpp ...
Compiling godot-cpp/gen/src/classes/placeholder_mesh.cpp ...
Compiling godot-cpp/gen/src/classes/placeholder_texture2d.cpp ...
Compiling godot-cpp/gen/src/classes/placeholder_texture2d_array.cpp ...
Compiling godot-cpp/gen/src/classes/placeholder_texture3d.cpp ...
Compiling godot-cpp/gen/src/classes/placeholder_texture_layered.cpp ...
Compiling godot-cpp/gen/src/classes/plane_mesh.cpp ...
Compiling godot-cpp/gen/src/classes/point_light2d.cpp ...
Compiling godot-cpp/gen/src/classes/point_mesh.cpp ...
Compiling godot-cpp/gen/src/classes/polygon2d.cpp ...
Compiling godot-cpp/gen/src/classes/polygon_occluder3d.cpp ...
Compiling godot-cpp/gen/src/classes/polygon_path_finder.cpp ...
Compiling godot-cpp/gen/src/classes/popup.cpp ...
Compiling godot-cpp/gen/src/classes/popup_menu.cpp ...
Compiling godot-cpp/gen/src/classes/popup_panel.cpp ...
Compiling godot-cpp/gen/src/classes/portable_compressed_texture2d.cpp ...
Compiling godot-cpp/gen/src/classes/primitive_mesh.cpp ...
Compiling godot-cpp/gen/src/classes/prism_mesh.cpp ...
Compiling godot-cpp/gen/src/classes/procedural_sky_material.cpp ...
Compiling godot-cpp/gen/src/classes/progress_bar.cpp ...
Compiling godot-cpp/gen/src/classes/project_settings.cpp ...
Compiling godot-cpp/gen/src/classes/property_tweener.cpp ...
Compiling godot-cpp/gen/src/classes/quad_mesh.cpp ...
Compiling godot-cpp/gen/src/classes/quad_occluder3d.cpp ...
Compiling godot-cpp/gen/src/classes/rd_acceleration_structure_geometry.cpp ...
Compiling godot-cpp/gen/src/classes/rd_acceleration_structure_instance.cpp ...
Compiling godot-cpp/gen/src/classes/rd_attachment_format.cpp ...
Compiling godot-cpp/gen/src/classes/rd_framebuffer_pass.cpp ...
Compiling godot-cpp/gen/src/classes/rd_hit_group.cpp ...
Compiling godot-cpp/gen/src/classes/rd_pipeline_color_blend_state.cpp ...
Compiling godot-cpp/gen/src/classes/rd_pipeline_color_blend_state_attachment.cpp ...
Compiling godot-cpp/gen/src/classes/rd_pipeline_depth_stencil_state.cpp ...
Compiling godot-cpp/gen/src/classes/rd_pipeline_multisample_state.cpp ...
Compiling godot-cpp/gen/src/classes/rd_pipeline_rasterization_state.cpp ...
Compiling godot-cpp/gen/src/classes/rd_pipeline_shader.cpp ...
Compiling godot-cpp/gen/src/classes/rd_pipeline_specialization_constant.cpp ...
Compiling godot-cpp/gen/src/classes/rd_sampler_state.cpp ...
Compiling godot-cpp/gen/src/classes/rd_shader_file.cpp ...
Compiling godot-cpp/gen/src/classes/rd_shader_spirv.cpp ...
Compiling godot-cpp/gen/src/classes/rd_shader_source.cpp ...
Compiling godot-cpp/gen/src/classes/rd_texture_format.cpp ...
Compiling godot-cpp/gen/src/classes/rd_texture_view.cpp ...
Compiling godot-cpp/gen/src/classes/rd_uniform.cpp ...
Compiling godot-cpp/gen/src/classes/rd_vertex_attribute.cpp ...
Compiling godot-cpp/gen/src/classes/random_number_generator.cpp ...
Compiling godot-cpp/gen/src/classes/range.cpp ...
Compiling godot-cpp/gen/src/classes/ray_cast2d.cpp ...
Compiling godot-cpp/gen/src/classes/ray_cast3d.cpp ...
Compiling godot-cpp/gen/src/classes/rectangle_shape2d.cpp ...
Compiling godot-cpp/gen/src/classes/ref_counted.cpp ...
Compiling godot-cpp/gen/src/classes/reference_rect.cpp ...
Compiling godot-cpp/gen/src/classes/reflection_probe.cpp ...
Compiling godot-cpp/gen/src/classes/reg_ex.cpp ...
Compiling godot-cpp/gen/src/classes/reg_ex_match.cpp ...
Compiling godot-cpp/gen/src/classes/remote_transform2d.cpp ...
Compiling godot-cpp/gen/src/classes/remote_transform3d.cpp ...
Compiling godot-cpp/gen/src/classes/render_data.cpp ...
Compiling godot-cpp/gen/src/classes/render_data_extension.cpp ...
Compiling godot-cpp/gen/src/classes/render_data_rd.cpp ...
Compiling godot-cpp/gen/src/classes/render_scene_buffers.cpp ...
Compiling godot-cpp/gen/src/classes/render_scene_buffers_configuration.cpp ...
Compiling godot-cpp/gen/src/classes/render_scene_buffers_extension.cpp ...
Compiling godot-cpp/gen/src/classes/render_scene_buffers_rd.cpp ...
Compiling godot-cpp/gen/src/classes/render_scene_data.cpp ...
Compiling godot-cpp/gen/src/classes/render_scene_data_extension.cpp ...
Compiling godot-cpp/gen/src/classes/render_scene_data_rd.cpp ...
Compiling godot-cpp/gen/src/classes/rendering_device.cpp ...
Compiling godot-cpp/gen/src/classes/rendering_server.cpp ...
Compiling godot-cpp/gen/src/classes/resource.cpp ...
Compiling godot-cpp/gen/src/classes/resource_format_loader.cpp ...
Compiling godot-cpp/gen/src/classes/resource_format_saver.cpp ...
Compiling godot-cpp/gen/src/classes/resource_importer.cpp ...
Compiling godot-cpp/gen/src/classes/resource_importer_bm_font.cpp ...
Compiling godot-cpp/gen/src/classes/resource_importer_bit_map.cpp ...
Compiling godot-cpp/gen/src/classes/resource_importer_csv_translation.cpp ...
Compiling godot-cpp/gen/src/classes/resource_importer_dynamic_font.cpp ...
Compiling godot-cpp/gen/src/classes/resource_importer_image.cpp ...
Compiling godot-cpp/gen/src/classes/resource_importer_image_font.cpp ...
Compiling godot-cpp/gen/src/classes/resource_importer_layered_texture.cpp ...
Compiling godot-cpp/gen/src/classes/resource_importer_mp3.cpp ...
Compiling godot-cpp/gen/src/classes/resource_importer_obj.cpp ...
Compiling godot-cpp/gen/src/classes/resource_importer_ogg_vorbis.cpp ...
Compiling godot-cpp/gen/src/classes/resource_importer_svg.cpp ...
Compiling godot-cpp/gen/src/classes/resource_importer_scene.cpp ...
Compiling godot-cpp/gen/src/classes/resource_importer_shader_file.cpp ...
Compiling godot-cpp/gen/src/classes/resource_importer_texture.cpp ...
Compiling godot-cpp/gen/src/classes/resource_importer_texture_atlas.cpp ...
Compiling godot-cpp/gen/src/classes/resource_importer_wav.cpp ...
Compiling godot-cpp/gen/src/classes/resource_loader.cpp ...
Compiling godot-cpp/gen/src/classes/resource_preloader.cpp ...
Compiling godot-cpp/gen/src/classes/resource_saver.cpp ...
Compiling godot-cpp/gen/src/classes/resource_uid.cpp ...
Compiling godot-cpp/gen/src/classes/retarget_modifier3d.cpp ...
Compiling godot-cpp/gen/src/classes/ribbon_trail_mesh.cpp ...
Compiling godot-cpp/gen/src/classes/rich_text_effect.cpp ...
Compiling godot-cpp/gen/src/classes/rich_text_label.cpp ...
Compiling godot-cpp/gen/src/classes/rigid_body2d.cpp ...
Compiling godot-cpp/gen/src/classes/rigid_body3d.cpp ...
Compiling godot-cpp/gen/src/classes/root_motion_view.cpp ...
Compiling godot-cpp/gen/src/classes/scene_multiplayer.cpp ...
Compiling godot-cpp/gen/src/classes/scene_replication_config.cpp ...
Compiling godot-cpp/gen/src/classes/scene_state.cpp ...
Compiling godot-cpp/gen/src/classes/scene_tree.cpp ...
Compiling godot-cpp/gen/src/classes/scene_tree_timer.cpp ...
Compiling godot-cpp/gen/src/classes/script.cpp ...
Compiling godot-cpp/gen/src/classes/script_backtrace.cpp ...
Compiling godot-cpp/gen/src/classes/script_create_dialog.cpp ...
Compiling godot-cpp/gen/src/classes/script_editor.cpp ...
Compiling godot-cpp/gen/src/classes/script_editor_base.cpp ...
Compiling godot-cpp/gen/src/classes/script_extension.cpp ...
Compiling godot-cpp/gen/src/classes/script_language.cpp ...
Compiling godot-cpp/gen/src/classes/script_language_extension.cpp ...
Compiling godot-cpp/gen/src/classes/scroll_bar.cpp ...
Compiling godot-cpp/gen/src/classes/scroll_container.cpp ...
Compiling godot-cpp/gen/src/classes/segment_shape2d.cpp ...
Compiling godot-cpp/gen/src/classes/semaphore.cpp ...
Compiling godot-cpp/gen/src/classes/separation_ray_shape2d.cpp ...
Compiling godot-cpp/gen/src/classes/separation_ray_shape3d.cpp ...
Compiling godot-cpp/gen/src/classes/separator.cpp ...
Compiling godot-cpp/gen/src/classes/shader.cpp ...
Compiling godot-cpp/gen/src/classes/shader_globals_override.cpp ...
Compiling godot-cpp/gen/src/classes/shader_include.cpp ...
Compiling godot-cpp/gen/src/classes/shader_include_db.cpp ...
Compiling godot-cpp/gen/src/classes/shader_material.cpp ...
Compiling godot-cpp/gen/src/classes/shape2d.cpp ...
Compiling godot-cpp/gen/src/classes/shape3d.cpp ...
Compiling godot-cpp/gen/src/classes/shape_cast2d.cpp ...
Compiling godot-cpp/gen/src/classes/shape_cast3d.cpp ...
Compiling godot-cpp/gen/src/classes/shortcut.cpp ...
Compiling godot-cpp/gen/src/classes/skeleton2d.cpp ...
Compiling godot-cpp/gen/src/classes/skeleton3d.cpp ...
Compiling godot-cpp/gen/src/classes/skeleton_ik3d.cpp ...
Compiling godot-cpp/gen/src/classes/skeleton_modification2d.cpp ...
Compiling godot-cpp/gen/src/classes/skeleton_modification2dccdik.cpp ...
Compiling godot-cpp/gen/src/classes/skeleton_modification2dfabrik.cpp ...
Compiling godot-cpp/gen/src/classes/skeleton_modification2d_jiggle.cpp ...
Compiling godot-cpp/gen/src/classes/skeleton_modification2d_look_at.cpp ...
Compiling godot-cpp/gen/src/classes/skeleton_modification2d_physical_bones.cpp ...
Compiling godot-cpp/gen/src/classes/skeleton_modification2d_stack_holder.cpp ...
Compiling godot-cpp/gen/src/classes/skeleton_modification2d_two_bone_ik.cpp ...
Compiling godot-cpp/gen/src/classes/skeleton_modification_stack2d.cpp ...
Compiling godot-cpp/gen/src/classes/skeleton_modifier3d.cpp ...
Compiling godot-cpp/gen/src/classes/skeleton_profile.cpp ...
Compiling godot-cpp/gen/src/classes/skeleton_profile_humanoid.cpp ...
Compiling godot-cpp/gen/src/classes/skin.cpp ...
Compiling godot-cpp/gen/src/classes/skin_reference.cpp ...
Compiling godot-cpp/gen/src/classes/sky.cpp ...
Compiling godot-cpp/gen/src/classes/slider.cpp ...
Compiling godot-cpp/gen/src/classes/slider_joint3d.cpp ...
Compiling godot-cpp/gen/src/classes/socket_server.cpp ...
Compiling godot-cpp/gen/src/classes/soft_body3d.cpp ...
Compiling godot-cpp/gen/src/classes/sphere_mesh.cpp ...
Compiling godot-cpp/gen/src/classes/sphere_occluder3d.cpp ...
Compiling godot-cpp/gen/src/classes/sphere_shape3d.cpp ...
Compiling godot-cpp/gen/src/classes/spin_box.cpp ...
Compiling godot-cpp/gen/src/classes/spline_ik3d.cpp ...
Compiling godot-cpp/gen/src/classes/split_container.cpp ...
Compiling godot-cpp/gen/src/classes/spot_light3d.cpp ...
Compiling godot-cpp/gen/src/classes/spring_arm3d.cpp ...
Compiling godot-cpp/gen/src/classes/spring_bone_collision3d.cpp ...
Compiling godot-cpp/gen/src/classes/spring_bone_collision_capsule3d.cpp ...
Compiling godot-cpp/gen/src/classes/spring_bone_collision_plane3d.cpp ...
Compiling godot-cpp/gen/src/classes/spring_bone_collision_sphere3d.cpp ...
Compiling godot-cpp/gen/src/classes/spring_bone_simulator3d.cpp ...
Compiling godot-cpp/gen/src/classes/sprite2d.cpp ...
Compiling godot-cpp/gen/src/classes/sprite3d.cpp ...
Compiling godot-cpp/gen/src/classes/sprite_base3d.cpp ...
Compiling godot-cpp/gen/src/classes/sprite_frames.cpp ...
Compiling godot-cpp/gen/src/classes/standard_material3d.cpp ...
Compiling godot-cpp/gen/src/classes/static_body2d.cpp ...
Compiling godot-cpp/gen/src/classes/static_body3d.cpp ...
Compiling godot-cpp/gen/src/classes/status_indicator.cpp ...
Compiling godot-cpp/gen/src/classes/stream_peer.cpp ...
Compiling godot-cpp/gen/src/classes/stream_peer_buffer.cpp ...
Compiling godot-cpp/gen/src/classes/stream_peer_extension.cpp ...
Compiling godot-cpp/gen/src/classes/stream_peer_gzip.cpp ...
Compiling godot-cpp/gen/src/classes/stream_peer_socket.cpp ...
Compiling godot-cpp/gen/src/classes/stream_peer_tcp.cpp ...
Compiling godot-cpp/gen/src/classes/stream_peer_tls.cpp ...
Compiling godot-cpp/gen/src/classes/stream_peer_uds.cpp ...
Compiling godot-cpp/gen/src/classes/style_box.cpp ...
Compiling godot-cpp/gen/src/classes/style_box_empty.cpp ...
Compiling godot-cpp/gen/src/classes/style_box_flat.cpp ...
Compiling godot-cpp/gen/src/classes/style_box_line.cpp ...
Compiling godot-cpp/gen/src/classes/style_box_texture.cpp ...
Compiling godot-cpp/gen/src/classes/sub_viewport.cpp ...
Compiling godot-cpp/gen/src/classes/sub_viewport_container.cpp ...
Compiling godot-cpp/gen/src/classes/subtween_tweener.cpp ...
Compiling godot-cpp/gen/src/classes/surface_tool.cpp ...
Compiling godot-cpp/gen/src/classes/syntax_highlighter.cpp ...
Compiling godot-cpp/gen/src/classes/system_font.cpp ...
Compiling godot-cpp/gen/src/classes/tcp_server.cpp ...
Compiling godot-cpp/gen/src/classes/tls_options.cpp ...
Compiling godot-cpp/gen/src/classes/tab_bar.cpp ...
Compiling godot-cpp/gen/src/classes/tab_container.cpp ...
Compiling godot-cpp/gen/src/classes/text_edit.cpp ...
Compiling godot-cpp/gen/src/classes/text_line.cpp ...
Compiling godot-cpp/gen/src/classes/text_mesh.cpp ...
Compiling godot-cpp/gen/src/classes/text_paragraph.cpp ...
Compiling godot-cpp/gen/src/classes/text_server.cpp ...
Compiling godot-cpp/gen/src/classes/text_server_advanced.cpp ...
Compiling godot-cpp/gen/src/classes/text_server_dummy.cpp ...
Compiling godot-cpp/gen/src/classes/text_server_extension.cpp ...
Compiling godot-cpp/gen/src/classes/text_server_manager.cpp ...
Compiling godot-cpp/gen/src/classes/texture.cpp ...
Compiling godot-cpp/gen/src/classes/texture2d.cpp ...
Compiling godot-cpp/gen/src/classes/texture2d_array.cpp ...
Compiling godot-cpp/gen/src/classes/texture2d_array_rd.cpp ...
Compiling godot-cpp/gen/src/classes/texture2drd.cpp ...
Compiling godot-cpp/gen/src/classes/texture3d.cpp ...
Compiling godot-cpp/gen/src/classes/texture3drd.cpp ...
Compiling godot-cpp/gen/src/classes/texture_button.cpp ...
Compiling godot-cpp/gen/src/classes/texture_cubemap_array_rd.cpp ...
Compiling godot-cpp/gen/src/classes/texture_cubemap_rd.cpp ...
Compiling godot-cpp/gen/src/classes/texture_layered.cpp ...
Compiling godot-cpp/gen/src/classes/texture_layered_rd.cpp ...
Compiling godot-cpp/gen/src/classes/texture_progress_bar.cpp ...
Compiling godot-cpp/gen/src/classes/texture_rect.cpp ...
Compiling godot-cpp/gen/src/classes/theme.cpp ...
Compiling godot-cpp/gen/src/classes/theme_db.cpp ...
Compiling godot-cpp/gen/src/classes/thread.cpp ...
Compiling godot-cpp/gen/src/classes/tile_data.cpp ...
Compiling godot-cpp/gen/src/classes/tile_map.cpp ...
Compiling godot-cpp/gen/src/classes/tile_map_layer.cpp ...
Compiling godot-cpp/gen/src/classes/tile_map_pattern.cpp ...
Compiling godot-cpp/gen/src/classes/tile_set.cpp ...
Compiling godot-cpp/gen/src/classes/tile_set_atlas_source.cpp ...
Compiling godot-cpp/gen/src/classes/tile_set_scenes_collection_source.cpp ...
Compiling godot-cpp/gen/src/classes/tile_set_source.cpp ...
Compiling godot-cpp/gen/src/classes/time.cpp ...
Compiling godot-cpp/gen/src/classes/timer.cpp ...
Compiling godot-cpp/gen/src/classes/torus_mesh.cpp ...
Compiling godot-cpp/gen/src/classes/touch_screen_button.cpp ...
Compiling godot-cpp/gen/src/classes/translation.cpp ...
Compiling godot-cpp/gen/src/classes/translation_domain.cpp ...
Compiling godot-cpp/gen/src/classes/translation_server.cpp ...
Compiling godot-cpp/gen/src/classes/tree.cpp ...
Compiling godot-cpp/gen/src/classes/tree_item.cpp ...
Compiling godot-cpp/gen/src/classes/triangle_mesh.cpp ...
Compiling godot-cpp/gen/src/classes/tube_trail_mesh.cpp ...
Compiling godot-cpp/gen/src/classes/tween.cpp ...
Compiling godot-cpp/gen/src/classes/tweener.cpp ...
Compiling godot-cpp/gen/src/classes/two_bone_ik3d.cpp ...
Compiling godot-cpp/gen/src/classes/udp_server.cpp ...
Compiling godot-cpp/gen/src/classes/uds_server.cpp ...
Compiling godot-cpp/gen/src/classes/upnp.cpp ...
Compiling godot-cpp/gen/src/classes/upnp_device.cpp ...
Compiling godot-cpp/gen/src/classes/undo_redo.cpp ...
Compiling godot-cpp/gen/src/classes/uniform_set_cache_rd.cpp ...
Compiling godot-cpp/gen/src/classes/v_box_container.cpp ...
Compiling godot-cpp/gen/src/classes/v_flow_container.cpp ...
Compiling godot-cpp/gen/src/classes/v_scroll_bar.cpp ...
Compiling godot-cpp/gen/src/classes/v_separator.cpp ...
Compiling godot-cpp/gen/src/classes/v_slider.cpp ...
Compiling godot-cpp/gen/src/classes/v_split_container.cpp ...
Compiling godot-cpp/gen/src/classes/vehicle_body3d.cpp ...
Compiling godot-cpp/gen/src/classes/vehicle_wheel3d.cpp ...
Compiling godot-cpp/gen/src/classes/video_stream.cpp ...
Compiling godot-cpp/gen/src/classes/video_stream_playback.cpp ...
Compiling godot-cpp/gen/src/classes/video_stream_player.cpp ...
Compiling godot-cpp/gen/src/classes/video_stream_theora.cpp ...
Compiling godot-cpp/gen/src/classes/viewport.cpp ...
Compiling godot-cpp/gen/src/classes/viewport_texture.cpp ...
Compiling godot-cpp/gen/src/classes/virtual_joystick.cpp ...
Compiling godot-cpp/gen/src/classes/visible_on_screen_enabler2d.cpp ...
Compiling godot-cpp/gen/src/classes/visible_on_screen_enabler3d.cpp ...
Compiling godot-cpp/gen/src/classes/visible_on_screen_notifier2d.cpp ...
Compiling godot-cpp/gen/src/classes/visible_on_screen_notifier3d.cpp ...
Compiling godot-cpp/gen/src/classes/visual_instance3d.cpp ...
Compiling godot-cpp/gen/src/classes/visual_shader.cpp ...
Compiling godot-cpp/gen/src/classes/visual_shader_node.cpp ...
Compiling godot-cpp/gen/src/classes/visual_shader_node_billboard.cpp ...
Compiling godot-cpp/gen/src/classes/visual_shader_node_boolean_constant.cpp ...
Compiling godot-cpp/gen/src/classes/visual_shader_node_boolean_parameter.cpp ...
Compiling godot-cpp/gen/src/classes/visual_shader_node_clamp.cpp ...
Compiling godot-cpp/gen/src/classes/visual_shader_node_color_constant.cpp ...
Compiling godot-cpp/gen/src/classes/visual_shader_node_color_func.cpp ...
Compiling godot-cpp/gen/src/classes/visual_shader_node_color_op.cpp ...
Compiling godot-cpp/gen/src/classes/visual_shader_node_color_parameter.cpp ...
Compiling godot-cpp/gen/src/classes/visual_shader_node_comment.cpp ...
Compiling godot-cpp/gen/src/classes/visual_shader_node_compare.cpp ...
Compiling godot-cpp/gen/src/classes/visual_shader_node_constant.cpp ...
Compiling godot-cpp/gen/src/classes/visual_shader_node_cubemap.cpp ...
Compiling godot-cpp/gen/src/classes/visual_shader_node_cubemap_parameter.cpp ...
Compiling godot-cpp/gen/src/classes/visual_shader_node_curve_texture.cpp ...
Compiling godot-cpp/gen/src/classes/visual_shader_node_curve_xyz_texture.cpp ...
Compiling godot-cpp/gen/src/classes/visual_shader_node_custom.cpp ...
Compiling godot-cpp/gen/src/classes/visual_shader_node_derivative_func.cpp ...
Compiling godot-cpp/gen/src/classes/visual_shader_node_determinant.cpp ...
Compiling godot-cpp/gen/src/classes/visual_shader_node_distance_fade.cpp ...
Compiling godot-cpp/gen/src/classes/visual_shader_node_dot_product.cpp ...
Compiling godot-cpp/gen/src/classes/visual_shader_node_expression.cpp ...
Compiling godot-cpp/gen/src/classes/visual_shader_node_face_forward.cpp ...
Compiling godot-cpp/gen/src/classes/visual_shader_node_float_constant.cpp ...
Compiling godot-cpp/gen/src/classes/visual_shader_node_float_func.cpp ...
Compiling godot-cpp/gen/src/classes/visual_shader_node_float_op.cpp ...
Compiling godot-cpp/gen/src/classes/visual_shader_node_float_parameter.cpp ...
Compiling godot-cpp/gen/src/classes/visual_shader_node_frame.cpp ...
Compiling godot-cpp/gen/src/classes/visual_shader_node_fresnel.cpp ...
Compiling godot-cpp/gen/src/classes/visual_shader_node_global_expression.cpp ...
Compiling godot-cpp/gen/src/classes/visual_shader_node_group_base.cpp ...
Compiling godot-cpp/gen/src/classes/visual_shader_node_if.cpp ...
Compiling godot-cpp/gen/src/classes/visual_shader_node_input.cpp ...
Compiling godot-cpp/gen/src/classes/visual_shader_node_int_constant.cpp ...
Compiling godot-cpp/gen/src/classes/visual_shader_node_int_func.cpp ...
Compiling godot-cpp/gen/src/classes/visual_shader_node_int_op.cpp ...
Compiling godot-cpp/gen/src/classes/visual_shader_node_int_parameter.cpp ...
Compiling godot-cpp/gen/src/classes/visual_shader_node_is.cpp ...
Compiling godot-cpp/gen/src/classes/visual_shader_node_linear_scene_depth.cpp ...
Compiling godot-cpp/gen/src/classes/visual_shader_node_mix.cpp ...
Compiling godot-cpp/gen/src/classes/visual_shader_node_multiply_add.cpp ...
Compiling godot-cpp/gen/src/classes/visual_shader_node_outer_product.cpp ...
Compiling godot-cpp/gen/src/classes/visual_shader_node_output.cpp ...
Compiling godot-cpp/gen/src/classes/visual_shader_node_parameter.cpp ...
Compiling godot-cpp/gen/src/classes/visual_shader_node_parameter_ref.cpp ...
Compiling godot-cpp/gen/src/classes/visual_shader_node_particle_accelerator.cpp ...
Compiling godot-cpp/gen/src/classes/visual_shader_node_particle_box_emitter.cpp ...
Compiling godot-cpp/gen/src/classes/visual_shader_node_particle_cone_velocity.cpp ...
Compiling godot-cpp/gen/src/classes/visual_shader_node_particle_emit.cpp ...
Compiling godot-cpp/gen/src/classes/visual_shader_node_particle_emitter.cpp ...
Compiling godot-cpp/gen/src/classes/visual_shader_node_particle_mesh_emitter.cpp ...
Compiling godot-cpp/gen/src/classes/visual_shader_node_particle_multiply_by_axis_angle.cpp ...
Compiling godot-cpp/gen/src/classes/visual_shader_node_particle_output.cpp ...
Compiling godot-cpp/gen/src/classes/visual_shader_node_particle_randomness.cpp ...
Compiling godot-cpp/gen/src/classes/visual_shader_node_particle_ring_emitter.cpp ...
Compiling godot-cpp/gen/src/classes/visual_shader_node_particle_sphere_emitter.cpp ...
Compiling godot-cpp/gen/src/classes/visual_shader_node_proximity_fade.cpp ...
Compiling godot-cpp/gen/src/classes/visual_shader_node_random_range.cpp ...
Compiling godot-cpp/gen/src/classes/visual_shader_node_remap.cpp ...
Compiling godot-cpp/gen/src/classes/visual_shader_node_reroute.cpp ...
Compiling godot-cpp/gen/src/classes/visual_shader_node_resizable_base.cpp ...
Compiling godot-cpp/gen/src/classes/visual_shader_node_rotation_by_axis.cpp ...
Compiling godot-cpp/gen/src/classes/visual_shader_node_sdf_raymarch.cpp ...
Compiling godot-cpp/gen/src/classes/visual_shader_node_sdf_to_screen_uv.cpp ...
Compiling godot-cpp/gen/src/classes/visual_shader_node_sample3d.cpp ...
Compiling godot-cpp/gen/src/classes/visual_shader_node_screen_normal_world_space.cpp ...
Compiling godot-cpp/gen/src/classes/visual_shader_node_screen_uv_to_sdf.cpp ...
Compiling godot-cpp/gen/src/classes/visual_shader_node_smooth_step.cpp ...
Compiling godot-cpp/gen/src/classes/visual_shader_node_step.cpp ...
Compiling godot-cpp/gen/src/classes/visual_shader_node_switch.cpp ...
Compiling godot-cpp/gen/src/classes/visual_shader_node_texture.cpp ...
Compiling godot-cpp/gen/src/classes/visual_shader_node_texture2d_array.cpp ...
Compiling godot-cpp/gen/src/classes/visual_shader_node_texture2d_array_parameter.cpp ...
Compiling godot-cpp/gen/src/classes/visual_shader_node_texture2d_parameter.cpp ...
Compiling godot-cpp/gen/src/classes/visual_shader_node_texture3d.cpp ...
Compiling godot-cpp/gen/src/classes/visual_shader_node_texture3d_parameter.cpp ...
Compiling godot-cpp/gen/src/classes/visual_shader_node_texture_parameter.cpp ...
Compiling godot-cpp/gen/src/classes/visual_shader_node_texture_parameter_triplanar.cpp ...
Compiling godot-cpp/gen/src/classes/visual_shader_node_texture_sdf.cpp ...
Compiling godot-cpp/gen/src/classes/visual_shader_node_texture_sdf_normal.cpp ...
Compiling godot-cpp/gen/src/classes/visual_shader_node_transform_compose.cpp ...
Compiling godot-cpp/gen/src/classes/visual_shader_node_transform_constant.cpp ...
Compiling godot-cpp/gen/src/classes/visual_shader_node_transform_decompose.cpp ...
Compiling godot-cpp/gen/src/classes/visual_shader_node_transform_func.cpp ...
Compiling godot-cpp/gen/src/classes/visual_shader_node_transform_op.cpp ...
Compiling godot-cpp/gen/src/classes/visual_shader_node_transform_parameter.cpp ...
Compiling godot-cpp/gen/src/classes/visual_shader_node_transform_vec_mult.cpp ...
Compiling godot-cpp/gen/src/classes/visual_shader_node_u_int_constant.cpp ...
Compiling godot-cpp/gen/src/classes/visual_shader_node_u_int_func.cpp ...
Compiling godot-cpp/gen/src/classes/visual_shader_node_u_int_op.cpp ...
Compiling godot-cpp/gen/src/classes/visual_shader_node_u_int_parameter.cpp ...
Compiling godot-cpp/gen/src/classes/visual_shader_node_uv_func.cpp ...
Compiling godot-cpp/gen/src/classes/visual_shader_node_uv_polar_coord.cpp ...
Compiling godot-cpp/gen/src/classes/visual_shader_node_varying.cpp ...
Compiling godot-cpp/gen/src/classes/visual_shader_node_varying_getter.cpp ...
Compiling godot-cpp/gen/src/classes/visual_shader_node_varying_setter.cpp ...
Compiling godot-cpp/gen/src/classes/visual_shader_node_vec2_constant.cpp ...
Compiling godot-cpp/gen/src/classes/visual_shader_node_vec2_parameter.cpp ...
Compiling godot-cpp/gen/src/classes/visual_shader_node_vec3_constant.cpp ...
Compiling godot-cpp/gen/src/classes/visual_shader_node_vec3_parameter.cpp ...
Compiling godot-cpp/gen/src/classes/visual_shader_node_vec4_constant.cpp ...
Compiling godot-cpp/gen/src/classes/visual_shader_node_vec4_parameter.cpp ...
Compiling godot-cpp/gen/src/classes/visual_shader_node_vector_base.cpp ...
Compiling godot-cpp/gen/src/classes/visual_shader_node_vector_compose.cpp ...
Compiling godot-cpp/gen/src/classes/visual_shader_node_vector_decompose.cpp ...
Compiling godot-cpp/gen/src/classes/visual_shader_node_vector_distance.cpp ...
Compiling godot-cpp/gen/src/classes/visual_shader_node_vector_func.cpp ...
Compiling godot-cpp/gen/src/classes/visual_shader_node_vector_len.cpp ...
Compiling godot-cpp/gen/src/classes/visual_shader_node_vector_op.cpp ...
Compiling godot-cpp/gen/src/classes/visual_shader_node_vector_refract.cpp ...
Compiling godot-cpp/gen/src/classes/visual_shader_node_world_position_from_depth.cpp ...
Compiling godot-cpp/gen/src/classes/voxel_gi.cpp ...
Compiling godot-cpp/gen/src/classes/voxel_gi_data.cpp ...
Compiling godot-cpp/gen/src/classes/weak_ref.cpp ...
Compiling godot-cpp/gen/src/classes/web_rtc_data_channel.cpp ...
Compiling godot-cpp/gen/src/classes/web_rtc_data_channel_extension.cpp ...
Compiling godot-cpp/gen/src/classes/web_rtc_multiplayer_peer.cpp ...
Compiling godot-cpp/gen/src/classes/web_rtc_peer_connection.cpp ...
Compiling godot-cpp/gen/src/classes/web_rtc_peer_connection_extension.cpp ...
Compiling godot-cpp/gen/src/classes/web_socket_multiplayer_peer.cpp ...
Compiling godot-cpp/gen/src/classes/web_socket_peer.cpp ...
Compiling godot-cpp/gen/src/classes/web_xr_interface.cpp ...
Compiling godot-cpp/gen/src/classes/window.cpp ...
Compiling godot-cpp/gen/src/classes/worker_thread_pool.cpp ...
Compiling godot-cpp/gen/src/classes/world2d.cpp ...
Compiling godot-cpp/gen/src/classes/world3d.cpp ...
Compiling godot-cpp/gen/src/classes/world_boundary_shape2d.cpp ...
Compiling godot-cpp/gen/src/classes/world_boundary_shape3d.cpp ...
Compiling godot-cpp/gen/src/classes/world_environment.cpp ...
Compiling godot-cpp/gen/src/classes/x509_certificate.cpp ...
Compiling godot-cpp/gen/src/classes/xml_parser.cpp ...
Compiling godot-cpp/gen/src/classes/xr_anchor3d.cpp ...
Compiling godot-cpp/gen/src/classes/xr_body_modifier3d.cpp ...
Compiling godot-cpp/gen/src/classes/xr_body_tracker.cpp ...
Compiling godot-cpp/gen/src/classes/xr_camera3d.cpp ...
Compiling godot-cpp/gen/src/classes/xr_controller3d.cpp ...
Compiling godot-cpp/gen/src/classes/xr_controller_tracker.cpp ...
Compiling godot-cpp/gen/src/classes/xr_face_modifier3d.cpp ...
Compiling godot-cpp/gen/src/classes/xr_face_tracker.cpp ...
Compiling godot-cpp/gen/src/classes/xr_hand_modifier3d.cpp ...
Compiling godot-cpp/gen/src/classes/xr_hand_tracker.cpp ...
Compiling godot-cpp/gen/src/classes/xr_interface.cpp ...
Compiling godot-cpp/gen/src/classes/xr_interface_extension.cpp ...
Compiling godot-cpp/gen/src/classes/xr_node3d.cpp ...
Compiling godot-cpp/gen/src/classes/xr_origin3d.cpp ...
Compiling godot-cpp/gen/src/classes/xr_pose.cpp ...
Compiling godot-cpp/gen/src/classes/xr_positional_tracker.cpp ...
Compiling godot-cpp/gen/src/classes/xr_server.cpp ...
Compiling godot-cpp/gen/src/classes/xr_tracker.cpp ...
Compiling godot-cpp/gen/src/classes/xrvrs.cpp ...
Compiling godot-cpp/gen/src/classes/zip_packer.cpp ...
Compiling godot-cpp/gen/src/classes/zip_reader.cpp ...
Compiling godot-cpp/gen/src/variant/utility_functions.cpp ...
Compiling shared src/anticheat_client_interface.cpp ...
Compiling shared src/anticheat_server_interface.cpp ...
Compiling shared src/eosg_multiplayer_peer.cpp ...
Compiling shared src/eosg_packet_peer_mediator.cpp ...
src/anticheat_server_interface.cpp:258:43: warning: object backing the pointer 'params[i].ParamValue.String' will be destroyed at the end of the full-expression [-Wdangling-assignment]
  258 |             params[i].ParamValue.String = VARIANT_TO_CHARSTRING(param).get_data();
      |                                           ^~~~~~~~~~~~~~~~~~~~~~~~~~~~
src/utils.h:22:36: note: expanded from macro 'VARIANT_TO_CHARSTRING'
   22 | #define VARIANT_TO_CHARSTRING(str) ((String)str).utf8()
      |                                    ^~~~~~~~~~~~~~~~~~~~
Compiling shared src/register_types.cpp ...
1 warning generated.
Linking Static Library godot-cpp/bin/libgodot-cpp.macos.template_debug.dev.universal.a ...
src/eosg_multiplayer_peer.cpp:490:56: warning: 'ABS<int>' is deprecated: Use Math::abs instead [-Wdeprecated-declarations]
  490 |     ERR_FAIL_COND_V_MSG(target_peer != 0 && !peers.has(ABS(target_peer)), ERR_INVALID_PARAMETER, vformat("Invalid target peer: %d", target_peer));
      |                                                        ^
godot-cpp/include/godot_cpp/core/math.compat.inc:40:3: note: 'ABS<int>' has been explicitly marked deprecated here
   40 | [[deprecated("Use Math::abs instead")]]
      |   ^
src/eosg_multiplayer_peer.cpp:532:27: warning: 'ABS<int>' is deprecated: Use Math::abs instead [-Wdeprecated-declarations]
  532 |             int exclude = ABS(target_peer);
      |                           ^
godot-cpp/include/godot_cpp/core/math.compat.inc:40:3: note: 'ABS<int>' has been explicitly marked deprecated here
   40 | [[deprecated("Use Math::abs instead")]]
      |   ^
2 warnings generated.
src/anticheat_server_interface.cpp:258:43: warning: object backing the pointer 'params[i].ParamValue.String' will be destroyed at the end of the full-expression [-Wdangling-assignment]
  258 |             params[i].ParamValue.String = VARIANT_TO_CHARSTRING(param).get_data();
      |                                           ^~~~~~~~~~~~~~~~~~~~~~~~~~~~
src/utils.h:22:36: note: expanded from macro 'VARIANT_TO_CHARSTRING'
   22 | #define VARIANT_TO_CHARSTRING(str) ((String)str).utf8()
      |                                    ^~~~~~~~~~~~~~~~~~~~
1 warning generated.
src/eosg_multiplayer_peer.cpp:490:56: warning: 'ABS<int>' is deprecated: Use Math::abs instead [-Wdeprecated-declarations]
  490 |     ERR_FAIL_COND_V_MSG(target_peer != 0 && !peers.has(ABS(target_peer)), ERR_INVALID_PARAMETER, vformat("Invalid target peer: %d", target_peer));
      |                                                        ^
godot-cpp/include/godot_cpp/core/math.compat.inc:40:3: note: 'ABS<int>' has been explicitly marked deprecated here
   40 | [[deprecated("Use Math::abs instead")]]
      |   ^
src/eosg_multiplayer_peer.cpp:532:27: warning: 'ABS<int>' is deprecated: Use Math::abs instead [-Wdeprecated-declarations]
  532 |             int exclude = ABS(target_peer);
      |                           ^
godot-cpp/include/godot_cpp/core/math.compat.inc:40:3: note: 'ABS<int>' has been explicitly marked deprecated here
   40 | [[deprecated("Use Math::abs instead")]]
      |   ^
2 warnings generated.
Ranlib Library godot-cpp/bin/libgodot-cpp.macos.template_debug.dev.universal.a ...
Linking Shared Library sample/addons/epic-online-services-godot/bin/macos/libeosg.macos.template_debug.framework/libeosg.macos.template_debug ...
on_complete(["complete"], ["sample/addons/epic-online-services-godot/bin/macos/libeosg.macos.template_debug.framework/libeosg.macos.template_debug"])
Updating libEOSSDK-Mac-Shipping.dylib path in sample/addons/epic-online-services-godot/bin/macos/libeosg.macos.template_debug.framework/libeosg.macos.template_debug
scons: done building targets.
